../Drivers/SX1278/Src/sx1278.c:4:6:SX1278_Reset	8	static
../Drivers/SX1278/Src/sx1278.c:14:6:SX1278_WriteReg	24	static
../Drivers/SX1278/Src/sx1278.c:29:9:SX1278_ReadReg	32	static
../Drivers/SX1278/Src/sx1278.c:47:6:SX1278_WriteBuffer	16	static
../Drivers/SX1278/Src/sx1278.c:59:6:SX1278_ReadBuffer	16	static
../Drivers/SX1278/Src/sx1278.c:71:19:SX1278_SetFrequency	32	static
../Drivers/SX1278/Src/sx1278.c:85:19:SX1278_Init	8	static
../Drivers/SX1278/Src/sx1278.c:142:19:SX1278_SendPacket	24	static
